export API_URL="https://api.example.com"
export MAX_RETRIES=3
export TIMEOUT=30
